// Jest Snapshot v1, https://goo.gl/fbAQLP

exports[`App should render correctly 1`] = `
<Styled(MuiBox)
  display="flex"
  flexDirection="column"
  height="100%"
>
  <WithStyles(ForwardRef(AppBar))
    position="static"
  >
    <WithStyles(ForwardRef(Toolbar))>
      <WithStyles(ForwardRef(Button))>
        <Link
          to="/"
        >
          Home
        </Link>
      </WithStyles(ForwardRef(Button))>
      <WithStyles(ForwardRef(Button))>
        <Link
          to="/toDos"
        >
          To Dos
        </Link>
      </WithStyles(ForwardRef(Button))>
    </WithStyles(ForwardRef(Toolbar))>
  </WithStyles(ForwardRef(AppBar))>
  <Styled(MuiBox)
    flex={1}
    overflow="auto"
    padding={2}
  >
    <Routes>
      <Route
        element={<HomePage />}
        path="/"
      />
      <Route
        element={<ToDosS />}
        path="/toDos"
      />
      <Route
        element={
          <Navigate
            to="/"
          />
        }
        path="*"
      />
    </Routes>
  </Styled(MuiBox)>
  <Styled(MuiBox)
    alignItems="center"
    bgcolor="gray"
    display="flex"
    height="50px"
    justifyContent="center"
  >
    Footer
  </Styled(MuiBox)>
</Styled(MuiBox)>
`;
